2026-06-25 11:41:32,424 | INFO | Connecting to 149.154.167.92:443/TcpFull...
2026-06-25 11:41:32,574 | INFO | Connection to 149.154.167.92:443/TcpFull complete!
2026-06-25 11:41:32,984 | INFO | System clock is wrong, set time offset to 7417s
2026-06-25 11:41:34,010 | INFO | \U0001f680 Telegram scraping pipeline started
2026-06-25 11:41:34,011 | INFO | Starting channel: CheMed123
2026-06-25 11:41:34,012 | INFO | Scraping started: CheMed123
2026-06-25 11:41:35,090 | INFO | Starting direct file download in chunks of 131072 at 0, stride 131072
2026-06-25 11:41:35,676 | INFO | Starting direct file download in chunks of 131072 at 0, stride 131072
2026-06-25 11:41:36,584 | INFO | Starting direct file download in chunks of 131072 at 0, stride 131072
2026-06-25 11:41:37,244 | INFO | Starting direct file download in chunks of 131072 at 0, stride 131072
2026-06-25 11:41:37,654 | INFO | Starting direct file download in chunks of 131072 at 0, stride 131072
2026-06-25 11:41:38,239 | INFO | Starting direct file download in chunks of 131072 at 0, stride 131072
2026-06-25 11:41:38,839 | INFO | Starting direct file download in chunks of 131072 at 0, stride 131072
2026-06-25 11:41:39,214 | INFO | Starting direct file download in chunks of 131072 at 0, stride 131072
2026-06-25 11:41:40,003 | INFO | Starting direct file download in chunks of 131072 at 0, stride 131072
2026-06-25 11:41:40,779 | INFO | Starting direct file download in chunks of 131072 at 0, stride 131072
2026-06-25 11:41:41,354 | INFO | Starting direct file download in chunks of 131072 at 0, stride 131072
2026-06-25 11:41:41,945 | INFO | Starting direct file download in chunks of 131072 at 0, stride 131072
2026-06-25 11:41:42,275 | INFO | Starting direct file download in chunks of 131072 at 0, stride 131072
2026-06-25 11:41:42,643 | INFO | Starting direct file download in chunks of 131072 at 0, stride 131072
2026-06-25 11:41:43,258 | INFO | Starting direct file download in chunks of 131072 at 0, stride 131072
2026-06-25 11:41:43,653 | INFO | Starting direct file download in chunks of 131072 at 0, stride 131072
2026-06-25 11:41:44,350 | INFO | Starting direct file download in chunks of 131072 at 0, stride 131072
2026-06-25 11:41:45,016 | INFO | Starting direct file download in chunks of 131072 at 0, stride 131072
2026-06-25 11:41:45,627 | INFO | Starting direct file download in chunks of 131072 at 0, stride 131072
2026-06-25 11:41:46,180 | INFO | Starting direct file download in chunks of 131072 at 0, stride 131072
2026-06-25 11:41:46,749 | INFO | Starting direct file download in chunks of 131072 at 0, stride 131072
2026-06-25 11:41:47,117 | INFO | Starting direct file download in chunks of 131072 at 0, stride 131072
2026-06-25 11:41:47,691 | INFO | Starting direct file download in chunks of 131072 at 0, stride 131072
2026-06-25 11:41:48,280 | INFO | Starting direct file download in chunks of 131072 at 0, stride 131072
2026-06-25 11:41:48,883 | INFO | Starting direct file download in chunks of 131072 at 0, stride 131072
2026-06-25 11:41:49,474 | INFO | Starting direct file download in chunks of 131072 at 0, stride 131072
2026-06-25 11:41:49,838 | INFO | Starting direct file download in chunks of 131072 at 0, stride 131072
2026-06-25 11:41:50,238 | INFO | Starting direct file download in chunks of 131072 at 0, stride 131072
2026-06-25 11:41:50,474 | INFO | Starting direct file download in chunks of 131072 at 0, stride 131072
2026-06-25 11:41:50,790 | INFO | Starting direct file download in chunks of 131072 at 0, stride 131072
2026-06-25 11:41:51,428 | INFO | Starting direct file download in chunks of 131072 at 0, stride 131072
2026-06-25 11:41:52,059 | INFO | Starting direct file download in chunks of 131072 at 0, stride 131072
2026-06-25 11:41:52,606 | INFO | Starting direct file download in chunks of 131072 at 0, stride 131072
2026-06-25 11:41:52,962 | INFO | Starting direct file download in chunks of 131072 at 0, stride 131072
2026-06-25 11:41:53,319 | INFO | Starting direct file download in chunks of 131072 at 0, stride 131072
2026-06-25 11:41:53,664 | INFO | Starting direct file download in chunks of 131072 at 0, stride 131072
2026-06-25 11:41:54,646 | INFO | Starting direct file download in chunks of 131072 at 0, stride 131072
2026-06-25 11:41:55,026 | INFO | Starting direct file download in chunks of 131072 at 0, stride 131072
2026-06-25 11:41:55,433 | INFO | Starting direct file download in chunks of 131072 at 0, stride 131072
2026-06-25 11:41:55,790 | INFO | Starting direct file download in chunks of 131072 at 0, stride 131072
2026-06-25 11:41:56,227 | INFO | Starting direct file download in chunks of 131072 at 0, stride 131072
2026-06-25 11:41:56,798 | INFO | Starting direct file download in chunks of 131072 at 0, stride 131072
2026-06-25 11:41:57,136 | INFO | Starting direct file download in chunks of 131072 at 0, stride 131072
2026-06-25 11:41:57,484 | INFO | Starting direct file download in chunks of 131072 at 0, stride 131072
2026-06-25 11:41:57,852 | INFO | Starting direct file download in chunks of 131072 at 0, stride 131072
2026-06-25 11:41:58,194 | INFO | Starting direct file download in chunks of 131072 at 0, stride 131072
2026-06-25 11:41:58,781 | INFO | Starting direct file download in chunks of 131072 at 0, stride 131072
2026-06-25 11:41:59,209 | INFO | Starting direct file download in chunks of 131072 at 0, stride 131072
2026-06-25 11:41:59,615 | INFO | Starting direct file download in chunks of 131072 at 0, stride 131072
2026-06-25 11:41:59,911 | INFO | Starting direct file download in chunks of 131072 at 0, stride 131072
2026-06-25 11:42:00,484 | INFO | Starting direct file download in chunks of 131072 at 0, stride 131072
2026-06-25 11:42:00,813 | INFO | Starting direct file download in chunks of 131072 at 0, stride 131072
2026-06-25 11:42:01,481 | INFO | Starting direct file download in chunks of 131072 at 0, stride 131072
2026-06-25 11:42:01,834 | INFO | Starting direct file download in chunks of 131072 at 0, stride 131072
2026-06-25 11:42:02,171 | INFO | Starting direct file download in chunks of 131072 at 0, stride 131072
2026-06-25 11:42:02,467 | INFO | Starting direct file download in chunks of 131072 at 0, stride 131072
2026-06-25 11:42:02,825 | INFO | Starting direct file download in chunks of 131072 at 0, stride 131072
2026-06-25 11:42:03,578 | INFO | Starting direct file download in chunks of 131072 at 0, stride 131072
2026-06-25 11:42:04,317 | INFO | Starting direct file download in chunks of 131072 at 0, stride 131072
2026-06-25 11:42:04,673 | INFO | Starting direct file download in chunks of 131072 at 0, stride 131072
2026-06-25 11:42:05,084 | INFO | Starting direct file download in chunks of 131072 at 0, stride 131072
2026-06-25 11:42:05,422 | INFO | Starting direct file download in chunks of 131072 at 0, stride 131072
2026-06-25 11:42:05,996 | INFO | Starting direct file download in chunks of 131072 at 0, stride 131072
2026-06-25 11:42:07,164 | INFO | Starting direct file download in chunks of 131072 at 0, stride 131072
2026-06-25 11:42:07,797 | INFO | Starting direct file download in chunks of 131072 at 0, stride 131072
2026-06-25 11:42:08,693 | INFO | Starting direct file download in chunks of 131072 at 0, stride 131072
2026-06-25 11:42:09,000 | INFO | Starting direct file download in chunks of 131072 at 0, stride 131072
2026-06-25 11:42:09,218 | INFO | Starting direct file download in chunks of 131072 at 0, stride 131072
2026-06-25 11:42:09,466 | INFO | Starting direct file download in chunks of 131072 at 0, stride 131072
2026-06-25 11:42:09,797 | INFO | Completed CheMed123 | messages scraped: 76
2026-06-25 11:42:09,814 | INFO | Starting channel: LobeliaCosmetics
2026-06-25 11:42:09,815 | INFO | Scraping started: LobeliaCosmetics
2026-06-25 11:42:10,124 | INFO | Starting direct file download in chunks of 131072 at 0, stride 131072
2026-06-25 11:42:10,982 | INFO | Starting direct file download in chunks of 131072 at 0, stride 131072
2026-06-25 11:42:11,815 | INFO | Starting direct file download in chunks of 131072 at 0, stride 131072
2026-06-25 11:42:12,648 | INFO | Completed LobeliaCosmetics | messages scraped: 7
2026-06-25 11:42:12,652 | INFO | Starting channel: TikvahPharma
2026-06-25 11:42:12,652 | INFO | Scraping started: TikvahPharma
2026-06-25 11:42:13,673 | INFO | Starting direct file download in chunks of 131072 at 0, stride 131072
2026-06-25 11:42:14,217 | INFO | Starting direct file download in chunks of 131072 at 0, stride 131072
2026-06-25 11:42:14,597 | INFO | Starting direct file download in chunks of 131072 at 0, stride 131072
2026-06-25 11:42:15,630 | INFO | Starting direct file download in chunks of 131072 at 0, stride 131072
2026-06-25 11:42:16,105 | INFO | Starting direct file download in chunks of 131072 at 0, stride 131072
2026-06-25 11:42:16,465 | INFO | Starting direct file download in chunks of 131072 at 0, stride 131072
2026-06-25 11:42:17,024 | INFO | Starting direct file download in chunks of 131072 at 0, stride 131072
2026-06-25 11:42:17,326 | INFO | Starting direct file download in chunks of 131072 at 0, stride 131072
2026-06-25 11:42:17,706 | INFO | Starting direct file download in chunks of 131072 at 0, stride 131072
2026-06-25 11:42:18,560 | INFO | Starting direct file download in chunks of 131072 at 0, stride 131072
2026-06-25 11:42:19,004 | INFO | Starting direct file download in chunks of 131072 at 0, stride 131072
2026-06-25 11:42:19,653 | INFO | Starting direct file download in chunks of 131072 at 0, stride 131072
2026-06-25 11:42:20,187 | INFO | Starting direct file download in chunks of 131072 at 0, stride 131072
2026-06-25 11:42:21,220 | INFO | Starting direct file download in chunks of 131072 at 0, stride 131072
2026-06-25 11:42:21,614 | INFO | Starting direct file download in chunks of 131072 at 0, stride 131072
2026-06-25 11:42:22,019 | INFO | Starting direct file download in chunks of 131072 at 0, stride 131072
2026-06-25 11:42:23,586 | INFO | Starting direct file download in chunks of 131072 at 0, stride 131072
2026-06-25 11:42:24,612 | INFO | Starting direct file download in chunks of 131072 at 0, stride 131072
2026-06-25 11:42:25,070 | INFO | Starting direct file download in chunks of 131072 at 0, stride 131072
2026-06-25 11:42:26,221 | INFO | Starting direct file download in chunks of 131072 at 0, stride 131072
2026-06-25 11:42:26,499 | INFO | Starting direct file download in chunks of 131072 at 0, stride 131072
2026-06-25 11:42:27,420 | INFO | Starting direct file download in chunks of 131072 at 0, stride 131072
2026-06-25 11:42:27,742 | INFO | Starting direct file download in chunks of 131072 at 0, stride 131072
2026-06-25 11:42:28,248 | INFO | Starting direct file download in chunks of 131072 at 0, stride 131072
2026-06-25 11:42:29,222 | INFO | Starting direct file download in chunks of 131072 at 0, stride 131072
2026-06-25 11:42:30,050 | INFO | Starting direct file download in chunks of 131072 at 0, stride 131072
2026-06-25 11:42:30,651 | INFO | Starting direct file download in chunks of 131072 at 0, stride 131072
2026-06-25 11:42:31,592 | INFO | Starting direct file download in chunks of 131072 at 0, stride 131072
2026-06-25 11:42:32,600 | INFO | Starting direct file download in chunks of 131072 at 0, stride 131072
2026-06-25 11:42:33,673 | INFO | Starting direct file download in chunks of 131072 at 0, stride 131072
2026-06-25 11:42:34,663 | INFO | Starting direct file download in chunks of 131072 at 0, stride 131072
2026-06-25 11:42:35,575 | INFO | Starting direct file download in chunks of 131072 at 0, stride 131072
2026-06-25 11:42:36,408 | INFO | Starting direct file download in chunks of 131072 at 0, stride 131072
2026-06-25 11:42:36,985 | INFO | Starting direct file download in chunks of 131072 at 0, stride 131072
2026-06-25 11:42:37,986 | INFO | Starting direct file download in chunks of 131072 at 0, stride 131072
2026-06-25 11:42:38,521 | INFO | Starting direct file download in chunks of 131072 at 0, stride 131072
2026-06-25 11:42:38,941 | INFO | Starting direct file download in chunks of 131072 at 0, stride 131072
2026-06-25 11:42:39,410 | INFO | Starting direct file download in chunks of 131072 at 0, stride 131072
2026-06-25 11:42:39,717 | INFO | Starting direct file download in chunks of 131072 at 0, stride 131072
2026-06-25 11:42:40,159 | INFO | Starting direct file download in chunks of 131072 at 0, stride 131072
2026-06-25 11:42:40,590 | INFO | Starting direct file download in chunks of 131072 at 0, stride 131072
2026-06-25 11:42:40,896 | INFO | Starting direct file download in chunks of 131072 at 0, stride 131072
2026-06-25 11:42:41,121 | INFO | Starting direct file download in chunks of 131072 at 0, stride 131072
2026-06-25 11:42:41,622 | INFO | Starting direct file download in chunks of 131072 at 0, stride 131072
2026-06-25 11:42:41,880 | INFO | Starting direct file download in chunks of 131072 at 0, stride 131072
2026-06-25 11:42:42,348 | INFO | Starting direct file download in chunks of 131072 at 0, stride 131072
2026-06-25 11:42:42,756 | INFO | Starting direct file download in chunks of 131072 at 0, stride 131072
2026-06-25 11:42:43,256 | INFO | Starting direct file download in chunks of 131072 at 0, stride 131072
2026-06-25 11:42:43,800 | INFO | Starting direct file download in chunks of 131072 at 0, stride 131072
2026-06-25 11:42:45,052 | INFO | Starting direct file download in chunks of 131072 at 0, stride 131072
2026-06-25 11:42:45,601 | INFO | Completed TikvahPharma | messages scraped: 200
2026-06-25 11:42:45,673 | INFO | Disconnecting from 149.154.167.92:443/TcpFull...
2026-06-25 11:42:45,673 | INFO | Disconnection from 149.154.167.92:443/TcpFull complete!
2026-06-25 11:42:45,683 | INFO | \U0001f3af Pipeline finished | Total messages: 283
